3 80000000 j          0x8000004c
3 8000004c csrr       a0,mhartid        a0 <- 0x00000000
3 80000050 bne        a0,0,0x80000050
3 80000054 auipc      t0,0x0            t0 <- 0x80000054
3 80000058 addi       t0,t0,16          t0 <- 0x80000064
3 8000005c csrrw      0,mtvec,t0        $0305 <- 0x80000064
3 80000060 csrrwi     0,satp,0          $0180 <- 0x00000000
3 80000064 auipc      t0,0x0            t0 <- 0x80000064
3 80000068 addi       t0,t0,28          t0 <- 0x80000080
3 8000006c csrrw      0,mtvec,t0        $0305 <- 0x80000080
3 80000070 li         t0,-1             t0 <- 0xffffffff
3 80000074 csrrw      0,0x3b0,t0        $03b0 <- 0xffffffff
3 80000078 li         t0,31             t0 <- 0x0000001f
3 8000007c csrrw      0,0x3a0,t0        $03a0 <- 0x0000001f
3 80000080 auipc      t0,0x0            t0 <- 0x80000080
3 80000084 addi       t0,t0,24          t0 <- 0x80000098
3 80000088 csrrw      0,mtvec,t0        $0305 <- 0x80000098
3 8000008c csrrwi     0,medeleg,0       $0302 <- 0x00000000
3 80000090 csrrwi     0,mideleg,0       $0303 <- 0x00000000
3 80000094 csrrwi     0,mie,0           $0304 <- 0x00000000
3 80000098 mv         gp,0              gp <- 0x00000000
3 8000009c auipc      t0,0x0            t0 <- 0x8000009c
3 800000a0 addi       t0,t0,-152        t0 <- 0x80000004
3 800000a4 csrrw      0,mtvec,t0        $0305 <- 0x80000004
3 800000a8 li         a0,1              a0 <- 0x00000001
3 800000ac slli       a0,a0,31          a0 <- 0x80000000
3 800000b0 blt        a0,0,0x800000c0
3 800000c0 auipc      t0,0xfff80000     t0 <- 0x000000c0
3 800000c4 addi       t0,t0,-192        t0 <- 0x00000000
3 800000c8 beq        t0,0,0x800000e4
3 800000e4 csrrwi     0,mstatus,0       $0300 <- 0x00000000
3 800000e8 auipc      t0,0x0            t0 <- 0x800000e8
3 800000ec addi       t0,t0,20          t0 <- 0x800000fc
3 800000f0 csrrw      0,mepc,t0         $0341 <- 0x800000fc
3 800000f4 csrr       a0,mhartid        a0 <- 0x00000000
0 800000f8 mret
0 800000fc fence
0 80000100 li         gp,1              gp <- 0x00000001
0 80000104 ecall
                  EXCEPTION 8 (00000000) RAISED
3 80000004 csrr       t5,mcause         t5 <- 0x00000008
3 80000008 li         t6,8              t6 <- 0x00000008
3 8000000c beq        t5,t6,0x80000040
3 80000040 auipc      t5,0x1            t5 <- 0x80001040
3 80000044 sw         gp,-64(t5)        [0x80001000] <- 0x00000001
  SUCCESS
IPC = 0.00
